2026-03-29 00:12:08,495 [INFO] ============================================================
2026-03-29 00:12:08,496 [INFO]   开始自动更新 — 2026-03-29 00:12:08
2026-03-29 00:12:08,496 [INFO] ============================================================
2026-03-29 00:12:08,497 [INFO] 现有 CSV: 257 个指标
2026-03-29 00:12:08,498 [INFO] 
[1/3] 查找最新统计公报 ...
2026-03-29 00:12:08,498 [INFO]   GET https://tj.nmg.gov.cn/tjyw/tjgb/ (attempt 1)
2026-03-29 00:12:08,908 [INFO] 找到统计公报: 内蒙古自治区2024年国民经济和社会发展统计公报 -> https://tj.nmg.gov.cn/tjyw/tjgb/202504/t20250402_2692478.html
2026-03-29 00:12:08,908 [INFO]   GET https://tj.nmg.gov.cn/tjyw/tjgb/202504/t20250402_2692478.html (attempt 1)
2026-03-29 00:12:09,206 [INFO] 解析 2024 年统计公报
2026-03-29 00:12:09,209 [INFO]   从公报中提取了 30 个数据点 (30 个指标)
2026-03-29 00:12:09,209 [INFO]   [更新] 地区生产总值—地区生产总值(亿元) 2024: 26337.0 -> 26314.6 (统计公报)
2026-03-29 00:12:09,209 [INFO]   [新增] 地区生产总值—第一产业(亿元) 2024 = 2872.6 (统计公报)
2026-03-29 00:12:09,210 [INFO]   [新增] 地区生产总值—第二产业(亿元) 2024 = 11604.4 (统计公报)
2026-03-29 00:12:09,210 [INFO]   [新增] 地区生产总值—第三产业(亿元) 2024 = 11837.6 (统计公报)
2026-03-29 00:12:09,210 [INFO]   [更新] 人口—常住人口(万人) 2024: 2392.0 -> 2388.0 (统计公报)
2026-03-29 00:12:09,210 [INFO]   [更新] 人口—出生率(‰) 2024: 4.1 -> 5.52 (统计公报)
2026-03-29 00:12:09,210 [INFO]   [更新] 人口—死亡率(‰) 2024: 7.8 -> 8.36 (统计公报)
2026-03-29 00:12:09,210 [INFO]   [新增] 地方财政收入—一般公共预算收入(亿元) 2024 = 3150.3 (统计公报)
2026-03-29 00:12:09,210 [INFO]   [新增] 地方财政收入—税收收入(亿元) 2024 = 2212.1 (统计公报)
2026-03-29 00:12:09,210 [INFO]   [新增] 地方财政支出—一般公共预算支出(亿元) 2024 = 6928.0 (统计公报)
2026-03-29 00:12:09,210 [INFO]   [新增] 按经营单位所在地分货物进出口总额—进出口总额(亿元_人民币) 2024 = 2073.6 (统计公报)
2026-03-29 00:12:09,210 [INFO]   [新增] 按经营单位所在地分货物进出口总额—出口额(亿元_人民币) 2024 = 852.8 (统计公报)
2026-03-29 00:12:09,210 [INFO]   [新增] 按经营单位所在地分货物进出口总额—进口额(亿元_人民币) 2024 = 1220.8 (统计公报)
2026-03-29 00:12:09,210 [INFO]   [新增] 居民人均可支配收入—农村牧区常住居民人均可支配收入(元) 2024 = 22543.0 (统计公报)
2026-03-29 00:12:09,211 [INFO]   [新增] 居民人均消费支出—城镇常住居民人均消费支出(元) 2024 = 33342.0 (统计公报)
2026-03-29 00:12:09,211 [INFO]   [新增] 居民人均消费支出—农村牧区常住居民人均消费支出(元) 2024 = 19631.0 (统计公报)
2026-03-29 00:12:09,211 [INFO]   [新增] 居民消费价格指数和商品零售价格指数—居民消费价格总指数(上年=100) 2024 = 100.2 (统计公报)
2026-03-29 00:12:09,211 [INFO]   [新增] 居民消费价格指数和商品零售价格指数—工业生产者出厂价格指数(上年=100) 2024 = 103.4 (统计公报)
2026-03-29 00:12:09,211 [INFO]   [新增] 地区生产总值—社会消费品零售总额(亿元) 2024 = 5615.3 (统计公报)
2026-03-29 00:12:09,211 [INFO]   [新增] 地区生产总值—房地产开发投资(亿元) 2024 = 937.4 (统计公报)
2026-03-29 00:12:09,211 [INFO]   [更新] 高新产业崛起数据—风电装机(万千瓦) 2024: 6600.0 -> 8588.0 (统计公报)
2026-03-29 00:12:09,211 [INFO]   [更新] 高新产业崛起数据—光伏装机(万千瓦) 2024: 3700.0 -> 4517.3 (统计公报)
2026-03-29 00:12:09,211 [INFO]   [更新] 传统产业天花板数据—煤炭产量(亿吨) 2024: 12.2 -> 12.9991 (统计公报)
2026-03-29 00:12:09,211 [INFO]   [更新] 高新产业崛起数据—绿电输送(亿千瓦时) 2024: 1148.0 -> 8344.0 (统计公报)
2026-03-29 00:12:09,211 [INFO]   [新增] 地区生产总值—牛奶产量(万吨) 2024 = 776.7 (统计公报)
2026-03-29 00:12:09,211 [INFO]   统计公报: 25 个新/更新数据点
2026-03-29 00:12:09,212 [INFO] 
[2/3] 查找年度经济运行发布 ...
2026-03-29 00:12:09,212 [INFO]   GET https://tj.nmg.gov.cn/tjdt/fbyjd_11654/ (attempt 1)
2026-03-29 00:12:09,301 [INFO] 找到年度经济发布: 2025年全区经济顶压前行、向新向好 -> https://tj.nmg.gov.cn/tjdt/fbyjd_11654/202601/t20260123_2853022.html
2026-03-29 00:12:09,301 [INFO]   GET https://tj.nmg.gov.cn/tjdt/fbyjd_11654/202601/t20260123_2853022.html (attempt 1)
2026-03-29 00:12:09,541 [WARNING] 无法确定公报年份
2026-03-29 00:12:09,542 [INFO]   经济运行发布: 0 个新/更新数据点
2026-03-29 00:12:09,542 [INFO] 
[3/3] 查找年度财政数据 ...
2026-03-29 00:12:09,542 [INFO]   GET https://czt.nmg.gov.cn/zwgk/zfxxgk/fdzdgknr/czsj/ (attempt 1)
2026-03-29 00:12:09,665 [INFO] 找到财政年报: 2024年1-12月全区一般公共预算和政府性基金预算收支完成情况 -> https://czt.nmg.gov.cn/zwgk/zfxxgk/fdzdgknr/czsj/202501/t20250117_2655145.html
2026-03-29 00:12:09,666 [INFO]   GET https://czt.nmg.gov.cn/zwgk/zfxxgk/fdzdgknr/czsj/202501/t20250117_2655145.html (attempt 1)
2026-03-29 00:12:09,704 [INFO]   从财政数据中提取了 3 个数据点
2026-03-29 00:12:09,704 [INFO]   财政数据: 0 个新/更新数据点
2026-03-29 00:12:09,704 [INFO] 
共发现 25 个新/更新数据点
2026-03-29 00:12:09,704 [INFO] (dry-run 模式，未写入)
2026-03-29 00:12:09,704 [INFO] ============================================================
2026-03-29 00:12:57,540 [INFO] ============================================================
2026-03-29 00:12:57,541 [INFO]   开始自动更新 — 2026-03-29 00:12:57
2026-03-29 00:12:57,541 [INFO] ============================================================
2026-03-29 00:12:57,543 [INFO] 现有 CSV: 257 个指标
2026-03-29 00:12:57,543 [INFO] 
[1/3] 查找最新统计公报 ...
2026-03-29 00:12:57,543 [INFO]   GET https://tj.nmg.gov.cn/tjyw/tjgb/ (attempt 1)
2026-03-29 00:12:57,881 [INFO] 找到统计公报: 内蒙古自治区2024年国民经济和社会发展统计公报 -> https://tj.nmg.gov.cn/tjyw/tjgb/202504/t20250402_2692478.html
2026-03-29 00:12:57,881 [INFO]   GET https://tj.nmg.gov.cn/tjyw/tjgb/202504/t20250402_2692478.html (attempt 1)
2026-03-29 00:12:58,180 [INFO] 解析 2024 年统计公报
2026-03-29 00:12:58,183 [INFO]   从公报中提取了 30 个数据点 (30 个指标)
2026-03-29 00:12:58,184 [INFO]   [更新] 地区生产总值—地区生产总值(亿元) 2024: 26337.0 -> 26314.6 (统计公报)
2026-03-29 00:12:58,184 [INFO]   [新增] 地区生产总值—第一产业(亿元) 2024 = 2872.6 (统计公报)
2026-03-29 00:12:58,184 [INFO]   [新增] 地区生产总值—第二产业(亿元) 2024 = 11604.4 (统计公报)
2026-03-29 00:12:58,184 [INFO]   [新增] 地区生产总值—第三产业(亿元) 2024 = 11837.6 (统计公报)
2026-03-29 00:12:58,185 [INFO]   [更新] 人口—常住人口(万人) 2024: 2392.0 -> 2388.0 (统计公报)
2026-03-29 00:12:58,185 [INFO]   [更新] 人口—出生率(‰) 2024: 4.1 -> 5.52 (统计公报)
2026-03-29 00:12:58,185 [INFO]   [更新] 人口—死亡率(‰) 2024: 7.8 -> 8.36 (统计公报)
2026-03-29 00:12:58,185 [INFO]   [新增] 地方财政收入—一般公共预算收入(亿元) 2024 = 3150.3 (统计公报)
2026-03-29 00:12:58,185 [INFO]   [新增] 地方财政收入—税收收入(亿元) 2024 = 2212.1 (统计公报)
2026-03-29 00:12:58,185 [INFO]   [新增] 地方财政支出—一般公共预算支出(亿元) 2024 = 6928.0 (统计公报)
2026-03-29 00:12:58,185 [INFO]   [新增] 按经营单位所在地分货物进出口总额—进出口总额(亿元_人民币) 2024 = 2073.6 (统计公报)
2026-03-29 00:12:58,185 [INFO]   [新增] 按经营单位所在地分货物进出口总额—出口额(亿元_人民币) 2024 = 852.8 (统计公报)
2026-03-29 00:12:58,185 [INFO]   [新增] 按经营单位所在地分货物进出口总额—进口额(亿元_人民币) 2024 = 1220.8 (统计公报)
2026-03-29 00:12:58,185 [INFO]   [新增] 居民人均可支配收入—农村牧区常住居民人均可支配收入(元) 2024 = 22543.0 (统计公报)
2026-03-29 00:12:58,186 [INFO]   [新增] 居民人均消费支出—城镇常住居民人均消费支出(元) 2024 = 33342.0 (统计公报)
2026-03-29 00:12:58,186 [INFO]   [新增] 居民人均消费支出—农村牧区常住居民人均消费支出(元) 2024 = 19631.0 (统计公报)
2026-03-29 00:12:58,186 [INFO]   [新增] 居民消费价格指数和商品零售价格指数—居民消费价格总指数(上年=100) 2024 = 100.2 (统计公报)
2026-03-29 00:12:58,186 [INFO]   [新增] 居民消费价格指数和商品零售价格指数—工业生产者出厂价格指数(上年=100) 2024 = 96.6 (统计公报)
2026-03-29 00:12:58,186 [INFO]   [新增] 地区生产总值—社会消费品零售总额(亿元) 2024 = 5615.3 (统计公报)
2026-03-29 00:12:58,186 [INFO]   [新增] 地区生产总值—房地产开发投资(亿元) 2024 = 937.4 (统计公报)
2026-03-29 00:12:58,186 [INFO]   [更新] 高新产业崛起数据—风电装机(万千瓦) 2024: 6600.0 -> 8588.0 (统计公报)
2026-03-29 00:12:58,186 [INFO]   [更新] 高新产业崛起数据—光伏装机(万千瓦) 2024: 3700.0 -> 4517.3 (统计公报)
2026-03-29 00:12:58,186 [INFO]   [更新] 传统产业天花板数据—煤炭产量(亿吨) 2024: 12.2 -> 12.9991 (统计公报)
2026-03-29 00:12:58,186 [INFO]   [新增] 地区生产总值—发电量(亿千瓦时) 2024 = 8344.0 (统计公报)
2026-03-29 00:12:58,186 [INFO]   [新增] 地区生产总值—牛奶产量(万吨) 2024 = 776.7 (统计公报)
2026-03-29 00:12:58,186 [INFO]   统计公报: 25 个新/更新数据点
2026-03-29 00:12:58,186 [INFO] 
[2/3] 查找年度经济运行发布 ...
2026-03-29 00:12:58,187 [INFO]   GET https://tj.nmg.gov.cn/tjdt/fbyjd_11654/ (attempt 1)
2026-03-29 00:12:58,341 [INFO] 找到年度经济发布: 2025年全区经济顶压前行、向新向好 -> https://tj.nmg.gov.cn/tjdt/fbyjd_11654/202601/t20260123_2853022.html
2026-03-29 00:12:58,341 [INFO]   GET https://tj.nmg.gov.cn/tjdt/fbyjd_11654/202601/t20260123_2853022.html (attempt 1)
2026-03-29 00:12:58,571 [INFO] 解析 2025 年统计公报
2026-03-29 00:12:58,579 [INFO]   从公报中提取了 13 个数据点 (13 个指标)
2026-03-29 00:12:58,580 [INFO]   [新增] 地区生产总值指数—地区生产总值指数(上年=100) 2025 = 104.7 (经济运行发布)
2026-03-29 00:12:58,580 [INFO]   [新增] 地区生产总值—第一产业(亿元) 2025 = 3036.8 (经济运行发布)
2026-03-29 00:12:58,580 [INFO]   [新增] 地区生产总值—第二产业(亿元) 2025 = 11292.7 (经济运行发布)
2026-03-29 00:12:58,580 [INFO]   [新增] 地区生产总值—第三产业(亿元) 2025 = 12380.8 (经济运行发布)
2026-03-29 00:12:58,580 [INFO]   [新增] 居民人均可支配收入—全体居民人均可支配收入(元) 2025 = 41921.0 (经济运行发布)
2026-03-29 00:12:58,580 [INFO]   [新增] 居民人均可支配收入—城镇居民人均可支配收入(元) 2025 = 52829.0 (经济运行发布)
2026-03-29 00:12:58,581 [INFO]   [新增] 居民人均可支配收入—农村牧区常住居民人均可支配收入(元) 2025 = 23855.0 (经济运行发布)
2026-03-29 00:12:58,581 [INFO]   [新增] 地区生产总值—社会消费品零售总额(亿元) 2025 = 5375.5 (经济运行发布)
2026-03-29 00:12:58,581 [INFO]   [新增] 传统产业天花板数据—煤炭产量(亿吨) 2025 = 0.2955 (经济运行发布)
2026-03-29 00:12:58,581 [INFO]   [新增] 地区生产总值—发电量(亿千瓦时) 2025 = 8517.0 (经济运行发布)
2026-03-29 00:12:58,581 [INFO]   [新增] 地区生产总值—牛奶产量(万吨) 2025 = 758.5 (经济运行发布)
2026-03-29 00:12:58,581 [INFO]   [新增] 地区生产总值—地区生产总值(亿元) 2025 = 26710.3 (经济运行发布)
2026-03-29 00:12:58,581 [INFO]   [新增] 地区生产总值—房地产开发投资(亿元) 2025 = 868.6 (经济运行发布)
2026-03-29 00:12:58,581 [INFO]   经济运行发布: 13 个新/更新数据点
2026-03-29 00:12:58,581 [INFO] 
[3/3] 查找年度财政数据 ...
2026-03-29 00:12:58,581 [INFO]   GET https://czt.nmg.gov.cn/zwgk/zfxxgk/fdzdgknr/czsj/ (attempt 1)
2026-03-29 00:12:58,707 [INFO] 找到财政年报: 2024年1-12月全区一般公共预算和政府性基金预算收支完成情况 -> https://czt.nmg.gov.cn/zwgk/zfxxgk/fdzdgknr/czsj/202501/t20250117_2655145.html
2026-03-29 00:12:58,707 [INFO]   GET https://czt.nmg.gov.cn/zwgk/zfxxgk/fdzdgknr/czsj/202501/t20250117_2655145.html (attempt 1)
2026-03-29 00:12:58,745 [INFO]   从财政数据中提取了 3 个数据点
2026-03-29 00:12:58,745 [INFO]   财政数据: 0 个新/更新数据点
2026-03-29 00:12:58,745 [INFO] 
共发现 38 个新/更新数据点
2026-03-29 00:12:58,745 [INFO] (dry-run 模式，未写入)
2026-03-29 00:12:58,746 [INFO] ============================================================
2026-03-29 00:30:15,503 [INFO] ============================================================
2026-03-29 00:30:15,504 [INFO]   开始自动更新 — 2026-03-29 00:30:15
2026-03-29 00:30:15,504 [INFO] ============================================================
2026-03-29 00:30:15,514 [INFO] 现有 CSV: 257 个指标
2026-03-29 00:30:15,515 [INFO] 
[1/3] 查找最新统计公报 ...
2026-03-29 00:30:15,515 [INFO]   GET https://tj.nmg.gov.cn/tjyw/tjgb/ (attempt 1)
2026-03-29 00:30:15,677 [INFO] 找到统计公报: 内蒙古自治区2024年国民经济和社会发展统计公报 -> https://tj.nmg.gov.cn/tjyw/tjgb/202504/t20250402_2692478.html
2026-03-29 00:30:15,677 [INFO]   GET https://tj.nmg.gov.cn/tjyw/tjgb/202504/t20250402_2692478.html (attempt 1)
2026-03-29 00:30:15,972 [INFO] 解析 2024 年统计公报
2026-03-29 00:30:15,976 [INFO]   从公报中提取了 30 个数据点 (30 个指标)
2026-03-29 00:30:15,976 [INFO]   [更新] 地区生产总值—地区生产总值(亿元) 2024: 26337.0 -> 26314.6 (统计公报)
2026-03-29 00:30:15,977 [INFO]   [新增] 地区生产总值—第一产业(亿元) 2024 = 2872.6 (统计公报)
2026-03-29 00:30:15,977 [INFO]   [新增] 地区生产总值—第二产业(亿元) 2024 = 11604.4 (统计公报)
2026-03-29 00:30:15,977 [INFO]   [新增] 地区生产总值—第三产业(亿元) 2024 = 11837.6 (统计公报)
2026-03-29 00:30:15,978 [INFO]   [更新] 人口—常住人口(万人) 2024: 2392.0 -> 2388.0 (统计公报)
2026-03-29 00:30:15,978 [INFO]   [更新] 人口—出生率(‰) 2024: 4.1 -> 5.52 (统计公报)
2026-03-29 00:30:15,978 [INFO]   [更新] 人口—死亡率(‰) 2024: 7.8 -> 8.36 (统计公报)
2026-03-29 00:30:15,978 [INFO]   [新增] 地方财政收入—一般公共预算收入(亿元) 2024 = 3150.3 (统计公报)
2026-03-29 00:30:15,978 [INFO]   [新增] 地方财政收入—税收收入(亿元) 2024 = 2212.1 (统计公报)
2026-03-29 00:30:15,978 [INFO]   [新增] 地方财政支出—一般公共预算支出(亿元) 2024 = 6928.0 (统计公报)
2026-03-29 00:30:15,978 [INFO]   [新增] 按经营单位所在地分货物进出口总额—进出口总额(亿元_人民币) 2024 = 2073.6 (统计公报)
2026-03-29 00:30:15,978 [INFO]   [新增] 按经营单位所在地分货物进出口总额—出口额(亿元_人民币) 2024 = 852.8 (统计公报)
2026-03-29 00:30:15,978 [INFO]   [新增] 按经营单位所在地分货物进出口总额—进口额(亿元_人民币) 2024 = 1220.8 (统计公报)
2026-03-29 00:30:15,979 [INFO]   [新增] 居民人均可支配收入—农村牧区常住居民人均可支配收入(元) 2024 = 22543.0 (统计公报)
2026-03-29 00:30:15,979 [INFO]   [新增] 居民人均消费支出—城镇常住居民人均消费支出(元) 2024 = 33342.0 (统计公报)
2026-03-29 00:30:15,979 [INFO]   [新增] 居民人均消费支出—农村牧区常住居民人均消费支出(元) 2024 = 19631.0 (统计公报)
2026-03-29 00:30:15,979 [INFO]   [新增] 居民消费价格指数和商品零售价格指数—居民消费价格总指数(上年=100) 2024 = 100.2 (统计公报)
2026-03-29 00:30:15,979 [INFO]   [新增] 居民消费价格指数和商品零售价格指数—工业生产者出厂价格指数(上年=100) 2024 = 96.6 (统计公报)
2026-03-29 00:30:15,979 [INFO]   [新增] 地区生产总值—社会消费品零售总额(亿元) 2024 = 5615.3 (统计公报)
2026-03-29 00:30:15,979 [INFO]   [新增] 地区生产总值—房地产开发投资(亿元) 2024 = 937.4 (统计公报)
2026-03-29 00:30:15,979 [INFO]   [更新] 高新产业崛起数据—风电装机(万千瓦) 2024: 6600.0 -> 8588.0 (统计公报)
2026-03-29 00:30:15,979 [INFO]   [更新] 高新产业崛起数据—光伏装机(万千瓦) 2024: 3700.0 -> 4517.3 (统计公报)
2026-03-29 00:30:15,980 [INFO]   [更新] 传统产业天花板数据—煤炭产量(亿吨) 2024: 12.2 -> 12.9991 (统计公报)
2026-03-29 00:30:15,980 [INFO]   [新增] 地区生产总值—发电量(亿千瓦时) 2024 = 8344.0 (统计公报)
2026-03-29 00:30:15,980 [INFO]   [新增] 地区生产总值—牛奶产量(万吨) 2024 = 776.7 (统计公报)
2026-03-29 00:30:15,980 [INFO]   统计公报: 25 个新/更新数据点
2026-03-29 00:30:15,980 [INFO] 
[2/3] 查找年度经济运行发布 ...
2026-03-29 00:30:15,980 [INFO]   GET https://tj.nmg.gov.cn/tjdt/fbyjd_11654/ (attempt 1)
2026-03-29 00:30:16,093 [INFO] 找到年度经济发布: 2025年全区经济顶压前行、向新向好 -> https://tj.nmg.gov.cn/tjdt/fbyjd_11654/202601/t20260123_2853022.html
2026-03-29 00:30:16,093 [INFO]   GET https://tj.nmg.gov.cn/tjdt/fbyjd_11654/202601/t20260123_2853022.html (attempt 1)
2026-03-29 00:30:16,340 [INFO] 解析 2025 年统计公报
2026-03-29 00:30:16,349 [INFO]   从公报中提取了 15 个数据点 (15 个指标)
2026-03-29 00:30:16,349 [INFO]   [新增] 地区生产总值指数—地区生产总值指数(上年=100) 2025 = 104.7 (经济运行发布)
2026-03-29 00:30:16,349 [INFO]   [新增] 地区生产总值—第一产业(亿元) 2025 = 3036.8 (经济运行发布)
2026-03-29 00:30:16,349 [INFO]   [新增] 地区生产总值—第二产业(亿元) 2025 = 11292.7 (经济运行发布)
2026-03-29 00:30:16,349 [INFO]   [新增] 地区生产总值—第三产业(亿元) 2025 = 12380.8 (经济运行发布)
2026-03-29 00:30:16,349 [INFO]   [新增] 居民人均可支配收入—全体居民人均可支配收入(元) 2025 = 41921.0 (经济运行发布)
2026-03-29 00:30:16,350 [INFO]   [新增] 居民人均可支配收入—城镇居民人均可支配收入(元) 2025 = 52829.0 (经济运行发布)
2026-03-29 00:30:16,350 [INFO]   [新增] 居民人均可支配收入—农村牧区常住居民人均可支配收入(元) 2025 = 23855.0 (经济运行发布)
2026-03-29 00:30:16,350 [INFO]   [新增] 居民消费价格指数和商品零售价格指数—居民消费价格总指数(上年=100) 2025 = 99.9 (经济运行发布)
2026-03-29 00:30:16,350 [INFO]   [新增] 居民消费价格指数和商品零售价格指数—工业生产者出厂价格指数(上年=100) 2025 = 93.0 (经济运行发布)
2026-03-29 00:30:16,350 [INFO]   [新增] 地区生产总值—社会消费品零售总额(亿元) 2025 = 5375.5 (经济运行发布)
2026-03-29 00:30:16,350 [INFO]   [新增] 传统产业天花板数据—煤炭产量(亿吨) 2025 = 12.864 (经济运行发布)
2026-03-29 00:30:16,350 [INFO]   [新增] 地区生产总值—发电量(亿千瓦时) 2025 = 8517.0 (经济运行发布)
2026-03-29 00:30:16,350 [INFO]   [新增] 地区生产总值—牛奶产量(万吨) 2025 = 758.5 (经济运行发布)
2026-03-29 00:30:16,351 [INFO]   [新增] 地区生产总值—地区生产总值(亿元) 2025 = 26710.3 (经济运行发布)
2026-03-29 00:30:16,351 [INFO]   [新增] 地区生产总值—房地产开发投资(亿元) 2025 = 868.6 (经济运行发布)
2026-03-29 00:30:16,351 [INFO]   经济运行发布: 15 个新/更新数据点
2026-03-29 00:30:16,351 [INFO] 
[3/3] 查找年度财政数据 ...
2026-03-29 00:30:16,351 [INFO]   GET https://czt.nmg.gov.cn/zwgk/zfxxgk/fdzdgknr/czsj/ (attempt 1)
2026-03-29 00:30:16,480 [INFO] 找到财政年报: 2024年1-12月全区一般公共预算和政府性基金预算收支完成情况 -> https://czt.nmg.gov.cn/zwgk/zfxxgk/fdzdgknr/czsj/202501/t20250117_2655145.html
2026-03-29 00:30:16,480 [INFO]   GET https://czt.nmg.gov.cn/zwgk/zfxxgk/fdzdgknr/czsj/202501/t20250117_2655145.html (attempt 1)
2026-03-29 00:30:16,513 [INFO]   从财政数据中提取了 3 个数据点
2026-03-29 00:30:16,513 [INFO]   财政数据: 0 个新/更新数据点
2026-03-29 00:30:16,514 [INFO] 
共发现 40 个新/更新数据点
2026-03-29 00:30:16,514 [INFO] (dry-run 模式，未写入)
2026-03-29 00:30:16,514 [INFO] ============================================================
2026-03-29 00:31:34,309 [ERROR] 安装计划任务失败: 错误: 任务 XML 包含格式不正确或超出范围的值。

(12,25):April:http://schemas.microsoft.com/windows/2004/02/mit/task
2026-03-29 00:32:06,862 [INFO] ✅ 计划任务已安装: NMG_Economy_Data_AutoUpdate
2026-03-29 00:32:06,862 [INFO]   触发时间: 每年 2月1日 + 4月15日 上午9:00
2026-03-29 00:32:06,862 [INFO]   如果错过时间(如电脑关机)，下次开机时会自动补跑
2026-03-29 00:42:18,483 [INFO] ============================================================
2026-03-29 00:42:18,484 [INFO]   开始自动更新 — 2026-03-29 00:42:18
2026-03-29 00:42:18,484 [INFO] ============================================================
2026-03-29 00:42:18,486 [INFO] 现有 CSV: 257 个指标
2026-03-29 00:42:18,486 [INFO] 
[1/3] 查找最新统计公报 ...
2026-03-29 00:42:18,486 [INFO]   GET https://tj.nmg.gov.cn/tjyw/tjgb/ (attempt 1)
2026-03-29 00:42:18,658 [INFO] 找到统计公报: 内蒙古自治区2024年国民经济和社会发展统计公报 -> https://tj.nmg.gov.cn/tjyw/tjgb/202504/t20250402_2692478.html
2026-03-29 00:42:18,658 [INFO]   GET https://tj.nmg.gov.cn/tjyw/tjgb/202504/t20250402_2692478.html (attempt 1)
2026-03-29 00:42:18,958 [INFO] 解析 2024 年统计公报
2026-03-29 00:42:18,962 [INFO]   从公报中提取了 50 个数据点 (50 个指标)
2026-03-29 00:42:18,962 [INFO]   [更新] 地区生产总值—地区生产总值(亿元) 2024: 26337.0 -> 26314.6 (统计公报)
2026-03-29 00:42:18,963 [INFO]   [新增] 地区生产总值—第一产业(亿元) 2024 = 2872.6 (统计公报)
2026-03-29 00:42:18,963 [INFO]   [新增] 地区生产总值—第二产业(亿元) 2024 = 11604.4 (统计公报)
2026-03-29 00:42:18,963 [INFO]   [新增] 地区生产总值—第三产业(亿元) 2024 = 11837.6 (统计公报)
2026-03-29 00:42:18,963 [INFO]   [更新] 人口—常住人口(万人) 2024: 2392.0 -> 2388.0 (统计公报)
2026-03-29 00:42:18,963 [INFO]   [更新] 人口—出生率(‰) 2024: 4.1 -> 5.52 (统计公报)
2026-03-29 00:42:18,964 [INFO]   [更新] 人口—死亡率(‰) 2024: 7.8 -> 8.36 (统计公报)
2026-03-29 00:42:18,964 [INFO]   [新增] 地方财政收入—一般公共预算收入(亿元) 2024 = 3150.3 (统计公报)
2026-03-29 00:42:18,964 [INFO]   [更新] 地方财政收入—地方财政一般预算收入(亿元) 2024: 3150.57 -> 3150.3 (统计公报)
2026-03-29 00:42:18,964 [INFO]   [新增] 地方财政收入—税收收入(亿元) 2024 = 2212.1 (统计公报)
2026-03-29 00:42:18,964 [INFO]   [更新] 地方财政收入—地方财政税收收入(亿元) 2024: 2212.42 -> 2212.1 (统计公报)
2026-03-29 00:42:18,964 [INFO]   [新增] 地方财政支出—一般公共预算支出(亿元) 2024 = 6928.0 (统计公报)
2026-03-29 00:42:18,965 [INFO]   [更新] 地方财政支出—地方财政一般预算支出(亿元) 2024: 6916.71 -> 6928.0 (统计公报)
2026-03-29 00:42:18,965 [INFO]   [新增] 按经营单位所在地分货物进出口总额—进出口总额(亿元_人民币) 2024 = 2073.6 (统计公报)
2026-03-29 00:42:18,965 [INFO]   [新增] 按经营单位所在地分货物进出口总额—出口额(亿元_人民币) 2024 = 852.8 (统计公报)
2026-03-29 00:42:18,965 [INFO]   [新增] 按经营单位所在地分货物进出口总额—进口额(亿元_人民币) 2024 = 1220.8 (统计公报)
2026-03-29 00:42:18,965 [INFO]   [新增] 居民人均可支配收入—农村牧区常住居民人均可支配收入(元) 2024 = 22543.0 (统计公报)
2026-03-29 00:42:18,965 [INFO]   [新增] 居民人均消费支出—城镇常住居民人均消费支出(元) 2024 = 33342.0 (统计公报)
2026-03-29 00:42:18,966 [INFO]   [新增] 居民人均消费支出—农村牧区常住居民人均消费支出(元) 2024 = 19631.0 (统计公报)
2026-03-29 00:42:18,966 [INFO]   [新增] 居民消费价格指数和商品零售价格指数—居民消费价格总指数(上年=100) 2024 = 100.2 (统计公报)
2026-03-29 00:42:18,966 [INFO]   [新增] 居民消费价格指数和商品零售价格指数—工业生产者出厂价格指数(上年=100) 2024 = 96.6 (统计公报)
2026-03-29 00:42:18,966 [INFO]   [新增] 地区生产总值—社会消费品零售总额(亿元) 2024 = 5615.3 (统计公报)
2026-03-29 00:42:18,966 [INFO]   [新增] 地区生产总值—房地产开发投资(亿元) 2024 = 937.4 (统计公报)
2026-03-29 00:42:18,966 [INFO]   [更新] 地区生产总值—批发和零售业增加值(亿元) 2024: 2127.4 -> 2083.8 (统计公报)
2026-03-29 00:42:18,966 [INFO]   [更新] 地区生产总值—交通运输、仓储和邮政业增加值(亿元) 2024: 1619.1 -> 1582.7 (统计公报)
2026-03-29 00:42:18,966 [INFO]   [更新] 地区生产总值—住宿和餐饮业增加值(亿元) 2024: 402.3 -> 395.5 (统计公报)
2026-03-29 00:42:18,966 [INFO]   [更新] 地区生产总值—金融业增加值(亿元) 2024: 959.1 -> 946.6 (统计公报)
2026-03-29 00:42:18,966 [INFO]   [更新] 地区生产总值—房地产业增加值(亿元) 2024: 988.0 -> 1031.7 (统计公报)
2026-03-29 00:42:18,967 [INFO]   [更新] 地区生产总值—农林牧渔业增加值(亿元) 2024: 2950.3 -> 2872.6 (统计公报)
2026-03-29 00:42:18,967 [INFO]   [更新] 人口—自然增长率(‰) 2024: -3.7 -> -2.84 (统计公报)
2026-03-29 00:42:18,967 [INFO]   [更新] 漏斗效应数据—人口自然增长率(‰) 2024: -3.7 -> -2.84 (统计公报)
2026-03-29 00:42:18,967 [INFO]   [更新] 高新产业崛起数据—高技术制造业增加值增速(%) 2024: 19.8 -> 29.4 (统计公报)
2026-03-29 00:42:18,967 [INFO]   [更新] 漏斗效应数据—GDP总量(亿元) 2024: 26337.0 -> 26314.6 (统计公报)
2026-03-29 00:42:18,967 [INFO]   [更新] 漏斗效应数据—人口(万人) 2024: 2392.0 -> 2388.0 (统计公报)
2026-03-29 00:42:18,967 [INFO]   [更新] 高新产业崛起数据—风电装机(万千瓦) 2024: 6600.0 -> 8588.0 (统计公报)
2026-03-29 00:42:18,967 [INFO]   [更新] 高新产业崛起数据—光伏装机(万千瓦) 2024: 3700.0 -> 4517.3 (统计公报)
2026-03-29 00:42:18,967 [INFO]   [更新] 传统产业天花板数据—煤炭产量(亿吨) 2024: 12.2 -> 12.9991 (统计公报)
2026-03-29 00:42:18,967 [INFO]   [新增] 地区生产总值—发电量(亿千瓦时) 2024 = 8344.0 (统计公报)
2026-03-29 00:42:18,967 [INFO]   [新增] 地区生产总值—牛奶产量(万吨) 2024 = 776.7 (统计公报)
2026-03-29 00:42:18,967 [INFO]   [更新] 高新产业崛起数据—新能源装机(万千瓦) 2024: 10500.0 -> 13105.3 (统计公报)
2026-03-29 00:42:18,967 [INFO]   [更新] 人口—新能源装机(万千瓦) 2024: 10500.0 -> 13105.3 (统计公报)
2026-03-29 00:42:18,968 [INFO]   [更新] 人口—煤炭产量(亿吨) 2024: 12.2 -> 12.9991 (统计公报)
2026-03-29 00:42:18,968 [INFO]   统计公报: 42 个新/更新数据点
2026-03-29 00:42:18,968 [INFO] 
[2/3] 查找年度经济运行发布 ...
2026-03-29 00:42:18,968 [INFO]   GET https://tj.nmg.gov.cn/tjdt/fbyjd_11654/ (attempt 1)
2026-03-29 00:42:19,069 [INFO] 找到年度经济发布: 2025年全区经济顶压前行、向新向好 -> https://tj.nmg.gov.cn/tjdt/fbyjd_11654/202601/t20260123_2853022.html
2026-03-29 00:42:19,069 [INFO]   GET https://tj.nmg.gov.cn/tjdt/fbyjd_11654/202601/t20260123_2853022.html (attempt 1)
2026-03-29 00:42:19,313 [INFO] 解析 2025 年统计公报
2026-03-29 00:42:19,323 [INFO]   从公报中提取了 20 个数据点 (20 个指标)
2026-03-29 00:42:19,323 [INFO]   [新增] 地区生产总值指数—地区生产总值指数(上年=100) 2025 = 104.7 (经济运行发布)
2026-03-29 00:42:19,323 [INFO]   [新增] 地区生产总值—第一产业(亿元) 2025 = 3036.8 (经济运行发布)
2026-03-29 00:42:19,323 [INFO]   [新增] 地区生产总值—第二产业(亿元) 2025 = 11292.7 (经济运行发布)
2026-03-29 00:42:19,323 [INFO]   [新增] 地区生产总值—第三产业(亿元) 2025 = 12380.8 (经济运行发布)
2026-03-29 00:42:19,324 [INFO]   [新增] 居民人均可支配收入—全体居民人均可支配收入(元) 2025 = 41921.0 (经济运行发布)
2026-03-29 00:42:19,324 [INFO]   [新增] 居民人均可支配收入—城镇居民人均可支配收入(元) 2025 = 52829.0 (经济运行发布)
2026-03-29 00:42:19,324 [INFO]   [新增] 居民人均可支配收入—农村牧区常住居民人均可支配收入(元) 2025 = 23855.0 (经济运行发布)
2026-03-29 00:42:19,324 [INFO]   [新增] 居民人均可支配收入—农村居民人均可支配收入(元) 2025 = 23855.0 (经济运行发布)
2026-03-29 00:42:19,324 [INFO]   [新增] 居民消费价格指数和商品零售价格指数—居民消费价格总指数(上年=100) 2025 = 99.9 (经济运行发布)
2026-03-29 00:42:19,324 [INFO]   [新增] 居民消费价格指数和商品零售价格指数—居民消费价格指数(上年=100) 2025 = 99.9 (经济运行发布)
2026-03-29 00:42:19,324 [INFO]   [新增] 居民消费价格指数和商品零售价格指数—工业生产者出厂价格指数(上年=100) 2025 = 93.0 (经济运行发布)
2026-03-29 00:42:19,324 [INFO]   [新增] 地区生产总值—社会消费品零售总额(亿元) 2025 = 5375.5 (经济运行发布)
2026-03-29 00:42:19,324 [INFO]   [新增] 地区生产总值—农林牧渔业增加值(亿元) 2025 = 3037.0 (经济运行发布)
2026-03-29 00:42:19,324 [INFO]   [新增] 高新产业崛起数据—高技术制造业增加值增速(%) 2025 = 9.4 (经济运行发布)
2026-03-29 00:42:19,324 [INFO]   [新增] 传统产业天花板数据—煤炭产量(亿吨) 2025 = 12.864 (经济运行发布)
2026-03-29 00:42:19,325 [INFO]   [新增] 地区生产总值—发电量(亿千瓦时) 2025 = 8517.0 (经济运行发布)
2026-03-29 00:42:19,325 [INFO]   [新增] 地区生产总值—牛奶产量(万吨) 2025 = 758.5 (经济运行发布)
2026-03-29 00:42:19,325 [INFO]   [新增] 地区生产总值—地区生产总值(亿元) 2025 = 26710.3 (经济运行发布)
2026-03-29 00:42:19,325 [INFO]   [新增] 地区生产总值—房地产开发投资(亿元) 2025 = 868.6 (经济运行发布)
2026-03-29 00:42:19,325 [INFO]   [新增] 人口—煤炭产量(亿吨) 2025 = 12.864 (经济运行发布)
2026-03-29 00:42:19,325 [INFO]   经济运行发布: 20 个新/更新数据点
2026-03-29 00:42:19,325 [INFO] 
[3/3] 查找年度财政数据 ...
2026-03-29 00:42:19,325 [INFO]   GET https://czt.nmg.gov.cn/zwgk/zfxxgk/fdzdgknr/czsj/ (attempt 1)
2026-03-29 00:42:19,486 [INFO] 找到财政年报: 2024年1-12月全区一般公共预算和政府性基金预算收支完成情况 -> https://czt.nmg.gov.cn/zwgk/zfxxgk/fdzdgknr/czsj/202501/t20250117_2655145.html
2026-03-29 00:42:19,487 [INFO]   GET https://czt.nmg.gov.cn/zwgk/zfxxgk/fdzdgknr/czsj/202501/t20250117_2655145.html (attempt 1)
2026-03-29 00:42:19,530 [INFO]   从财政数据中提取了 7 个数据点
2026-03-29 00:42:19,530 [INFO]   [更新] 地方财政收入—地方财政非税收入(亿元) 2024: 938.15 -> 938.2 (财政厅)
2026-03-29 00:42:19,531 [INFO]   财政数据: 1 个新/更新数据点
2026-03-29 00:42:19,531 [INFO] 
共发现 63 个新/更新数据点
2026-03-29 00:42:19,531 [INFO] (dry-run 模式，未写入)
2026-03-29 00:42:19,531 [INFO] ============================================================
2026-03-29 00:42:58,818 [INFO] ============================================================
2026-03-29 00:42:58,818 [INFO]   开始自动更新 — 2026-03-29 00:42:58
2026-03-29 00:42:58,819 [INFO] ============================================================
2026-03-29 00:42:58,821 [INFO] 现有 CSV: 257 个指标
2026-03-29 00:42:58,821 [INFO] 
[1/3] 查找最新统计公报 ...
2026-03-29 00:42:58,821 [INFO]   GET https://tj.nmg.gov.cn/tjyw/tjgb/ (attempt 1)
2026-03-29 00:42:58,998 [INFO] 找到统计公报: 内蒙古自治区2024年国民经济和社会发展统计公报 -> https://tj.nmg.gov.cn/tjyw/tjgb/202504/t20250402_2692478.html
2026-03-29 00:42:58,998 [INFO]   GET https://tj.nmg.gov.cn/tjyw/tjgb/202504/t20250402_2692478.html (attempt 1)
2026-03-29 00:42:59,269 [INFO] 解析 2024 年统计公报
2026-03-29 00:42:59,274 [INFO]   从公报中提取了 50 个数据点 (50 个指标)
2026-03-29 00:42:59,274 [INFO]   [更新] 地区生产总值—地区生产总值(亿元) 2024: 26337.0 -> 26314.6 (统计公报)
2026-03-29 00:42:59,274 [INFO]   [新增] 地区生产总值—第一产业(亿元) 2024 = 2872.6 (统计公报)
2026-03-29 00:42:59,274 [INFO]   [新增] 地区生产总值—第二产业(亿元) 2024 = 11604.4 (统计公报)
2026-03-29 00:42:59,274 [INFO]   [新增] 地区生产总值—第三产业(亿元) 2024 = 11837.6 (统计公报)
2026-03-29 00:42:59,274 [INFO]   [更新] 人口—常住人口(万人) 2024: 2392.0 -> 2388.0 (统计公报)
2026-03-29 00:42:59,274 [INFO]   [更新] 人口—出生率(‰) 2024: 4.1 -> 5.52 (统计公报)
2026-03-29 00:42:59,274 [INFO]   [更新] 人口—死亡率(‰) 2024: 7.8 -> 8.36 (统计公报)
2026-03-29 00:42:59,275 [INFO]   [新增] 地方财政收入—一般公共预算收入(亿元) 2024 = 3150.3 (统计公报)
2026-03-29 00:42:59,275 [INFO]   [更新] 地方财政收入—地方财政一般预算收入(亿元) 2024: 3150.57 -> 3150.3 (统计公报)
2026-03-29 00:42:59,275 [INFO]   [新增] 地方财政收入—税收收入(亿元) 2024 = 2212.1 (统计公报)
2026-03-29 00:42:59,275 [INFO]   [更新] 地方财政收入—地方财政税收收入(亿元) 2024: 2212.42 -> 2212.1 (统计公报)
2026-03-29 00:42:59,275 [INFO]   [新增] 地方财政支出—一般公共预算支出(亿元) 2024 = 6928.0 (统计公报)
2026-03-29 00:42:59,275 [INFO]   [更新] 地方财政支出—地方财政一般预算支出(亿元) 2024: 6916.71 -> 6928.0 (统计公报)
2026-03-29 00:42:59,275 [INFO]   [新增] 按经营单位所在地分货物进出口总额—进出口总额(亿元_人民币) 2024 = 2073.6 (统计公报)
2026-03-29 00:42:59,275 [INFO]   [新增] 按经营单位所在地分货物进出口总额—出口额(亿元_人民币) 2024 = 852.8 (统计公报)
2026-03-29 00:42:59,275 [INFO]   [新增] 按经营单位所在地分货物进出口总额—进口额(亿元_人民币) 2024 = 1220.8 (统计公报)
2026-03-29 00:42:59,275 [INFO]   [新增] 居民人均可支配收入—农村牧区常住居民人均可支配收入(元) 2024 = 22543.0 (统计公报)
2026-03-29 00:42:59,275 [INFO]   [新增] 居民人均消费支出—城镇常住居民人均消费支出(元) 2024 = 33342.0 (统计公报)
2026-03-29 00:42:59,275 [INFO]   [新增] 居民人均消费支出—农村牧区常住居民人均消费支出(元) 2024 = 19631.0 (统计公报)
2026-03-29 00:42:59,275 [INFO]   [新增] 居民消费价格指数和商品零售价格指数—居民消费价格总指数(上年=100) 2024 = 100.2 (统计公报)
2026-03-29 00:42:59,275 [INFO]   [新增] 居民消费价格指数和商品零售价格指数—工业生产者出厂价格指数(上年=100) 2024 = 96.6 (统计公报)
2026-03-29 00:42:59,275 [INFO]   [新增] 地区生产总值—社会消费品零售总额(亿元) 2024 = 5615.3 (统计公报)
2026-03-29 00:42:59,275 [INFO]   [新增] 地区生产总值—房地产开发投资(亿元) 2024 = 937.4 (统计公报)
2026-03-29 00:42:59,275 [INFO]   [更新] 地区生产总值—批发和零售业增加值(亿元) 2024: 2127.4 -> 2083.8 (统计公报)
2026-03-29 00:42:59,275 [INFO]   [更新] 地区生产总值—交通运输、仓储和邮政业增加值(亿元) 2024: 1619.1 -> 1582.7 (统计公报)
2026-03-29 00:42:59,275 [INFO]   [更新] 地区生产总值—住宿和餐饮业增加值(亿元) 2024: 402.3 -> 395.5 (统计公报)
2026-03-29 00:42:59,275 [INFO]   [更新] 地区生产总值—金融业增加值(亿元) 2024: 959.1 -> 946.6 (统计公报)
2026-03-29 00:42:59,275 [INFO]   [更新] 地区生产总值—房地产业增加值(亿元) 2024: 988.0 -> 1031.7 (统计公报)
2026-03-29 00:42:59,275 [INFO]   [更新] 地区生产总值—农林牧渔业增加值(亿元) 2024: 2950.3 -> 2872.6 (统计公报)
2026-03-29 00:42:59,275 [INFO]   [更新] 人口—自然增长率(‰) 2024: -3.7 -> -2.84 (统计公报)
2026-03-29 00:42:59,275 [INFO]   [更新] 漏斗效应数据—人口自然增长率(‰) 2024: -3.7 -> -2.84 (统计公报)
2026-03-29 00:42:59,275 [INFO]   [更新] 高新产业崛起数据—高技术制造业增加值增速(%) 2024: 19.8 -> 29.4 (统计公报)
2026-03-29 00:42:59,275 [INFO]   [更新] 漏斗效应数据—GDP总量(亿元) 2024: 26337.0 -> 26314.6 (统计公报)
2026-03-29 00:42:59,275 [INFO]   [更新] 漏斗效应数据—人口(万人) 2024: 2392.0 -> 2388.0 (统计公报)
2026-03-29 00:42:59,275 [INFO]   [更新] 高新产业崛起数据—风电装机(万千瓦) 2024: 6600.0 -> 8588.0 (统计公报)
2026-03-29 00:42:59,275 [INFO]   [更新] 高新产业崛起数据—光伏装机(万千瓦) 2024: 3700.0 -> 4517.3 (统计公报)
2026-03-29 00:42:59,275 [INFO]   [更新] 传统产业天花板数据—煤炭产量(亿吨) 2024: 12.2 -> 12.9991 (统计公报)
2026-03-29 00:42:59,275 [INFO]   [新增] 地区生产总值—发电量(亿千瓦时) 2024 = 8344.0 (统计公报)
2026-03-29 00:42:59,275 [INFO]   [新增] 地区生产总值—牛奶产量(万吨) 2024 = 776.7 (统计公报)
2026-03-29 00:42:59,276 [INFO]   [更新] 高新产业崛起数据—新能源装机(万千瓦) 2024: 10500.0 -> 13105.3 (统计公报)
2026-03-29 00:42:59,276 [INFO]   [更新] 人口—新能源装机(万千瓦) 2024: 10500.0 -> 13105.3 (统计公报)
2026-03-29 00:42:59,276 [INFO]   [更新] 人口—煤炭产量(亿吨) 2024: 12.2 -> 12.9991 (统计公报)
2026-03-29 00:42:59,276 [INFO]   统计公报: 42 个新/更新数据点
2026-03-29 00:42:59,276 [INFO] 
[2/3] 查找年度经济运行发布 ...
2026-03-29 00:42:59,276 [INFO]   GET https://tj.nmg.gov.cn/tjdt/fbyjd_11654/ (attempt 1)
2026-03-29 00:42:59,384 [INFO] 找到年度经济发布: 2025年全区经济顶压前行、向新向好 -> https://tj.nmg.gov.cn/tjdt/fbyjd_11654/202601/t20260123_2853022.html
2026-03-29 00:42:59,385 [INFO]   GET https://tj.nmg.gov.cn/tjdt/fbyjd_11654/202601/t20260123_2853022.html (attempt 1)
2026-03-29 00:42:59,642 [INFO] 解析 2025 年统计公报
2026-03-29 00:42:59,650 [INFO]   从公报中提取了 20 个数据点 (20 个指标)
2026-03-29 00:42:59,650 [INFO]   [新增] 地区生产总值指数—地区生产总值指数(上年=100) 2025 = 104.7 (经济运行发布)
2026-03-29 00:42:59,650 [INFO]   [新增] 地区生产总值—第一产业(亿元) 2025 = 3036.8 (经济运行发布)
2026-03-29 00:42:59,650 [INFO]   [新增] 地区生产总值—第二产业(亿元) 2025 = 11292.7 (经济运行发布)
2026-03-29 00:42:59,650 [INFO]   [新增] 地区生产总值—第三产业(亿元) 2025 = 12380.8 (经济运行发布)
2026-03-29 00:42:59,650 [INFO]   [新增] 居民人均可支配收入—全体居民人均可支配收入(元) 2025 = 41921.0 (经济运行发布)
2026-03-29 00:42:59,650 [INFO]   [新增] 居民人均可支配收入—城镇居民人均可支配收入(元) 2025 = 52829.0 (经济运行发布)
2026-03-29 00:42:59,650 [INFO]   [新增] 居民人均可支配收入—农村牧区常住居民人均可支配收入(元) 2025 = 23855.0 (经济运行发布)
2026-03-29 00:42:59,650 [INFO]   [新增] 居民人均可支配收入—农村居民人均可支配收入(元) 2025 = 23855.0 (经济运行发布)
2026-03-29 00:42:59,650 [INFO]   [新增] 居民消费价格指数和商品零售价格指数—居民消费价格总指数(上年=100) 2025 = 99.9 (经济运行发布)
2026-03-29 00:42:59,651 [INFO]   [新增] 居民消费价格指数和商品零售价格指数—居民消费价格指数(上年=100) 2025 = 99.9 (经济运行发布)
2026-03-29 00:42:59,651 [INFO]   [新增] 居民消费价格指数和商品零售价格指数—工业生产者出厂价格指数(上年=100) 2025 = 93.0 (经济运行发布)
2026-03-29 00:42:59,651 [INFO]   [新增] 地区生产总值—社会消费品零售总额(亿元) 2025 = 5375.5 (经济运行发布)
2026-03-29 00:42:59,651 [INFO]   [新增] 地区生产总值—农林牧渔业增加值(亿元) 2025 = 3037.0 (经济运行发布)
2026-03-29 00:42:59,651 [INFO]   [新增] 高新产业崛起数据—高技术制造业增加值增速(%) 2025 = 17.5 (经济运行发布)
2026-03-29 00:42:59,651 [INFO]   [新增] 传统产业天花板数据—煤炭产量(亿吨) 2025 = 12.864 (经济运行发布)
2026-03-29 00:42:59,651 [INFO]   [新增] 地区生产总值—发电量(亿千瓦时) 2025 = 8517.0 (经济运行发布)
2026-03-29 00:42:59,651 [INFO]   [新增] 地区生产总值—牛奶产量(万吨) 2025 = 758.5 (经济运行发布)
2026-03-29 00:42:59,651 [INFO]   [新增] 地区生产总值—地区生产总值(亿元) 2025 = 26710.3 (经济运行发布)
2026-03-29 00:42:59,651 [INFO]   [新增] 地区生产总值—房地产开发投资(亿元) 2025 = 868.6 (经济运行发布)
2026-03-29 00:42:59,651 [INFO]   [新增] 人口—煤炭产量(亿吨) 2025 = 12.864 (经济运行发布)
2026-03-29 00:42:59,651 [INFO]   经济运行发布: 20 个新/更新数据点
2026-03-29 00:42:59,651 [INFO] 
[3/3] 查找年度财政数据 ...
2026-03-29 00:42:59,651 [INFO]   GET https://czt.nmg.gov.cn/zwgk/zfxxgk/fdzdgknr/czsj/ (attempt 1)
2026-03-29 00:42:59,771 [INFO] 找到财政年报: 2024年1-12月全区一般公共预算和政府性基金预算收支完成情况 -> https://czt.nmg.gov.cn/zwgk/zfxxgk/fdzdgknr/czsj/202501/t20250117_2655145.html
2026-03-29 00:42:59,772 [INFO]   GET https://czt.nmg.gov.cn/zwgk/zfxxgk/fdzdgknr/czsj/202501/t20250117_2655145.html (attempt 1)
2026-03-29 00:42:59,813 [INFO]   从财政数据中提取了 7 个数据点
2026-03-29 00:42:59,814 [INFO]   [更新] 地方财政收入—地方财政非税收入(亿元) 2024: 938.15 -> 938.2 (财政厅)
2026-03-29 00:42:59,814 [INFO]   财政数据: 1 个新/更新数据点
2026-03-29 00:42:59,814 [INFO] 
共发现 63 个新/更新数据点
2026-03-29 00:42:59,814 [INFO] (dry-run 模式，未写入)
2026-03-29 00:42:59,815 [INFO] ============================================================
